// Jest Snapshot v1, https://goo.gl/fbAQLP

exports[`renders info 1`] = `
<DocumentFragment>
  <h1
    class="app__title"
  >
    Google Airlines
  </h1>
  <p
    class="app__info"
  >
    Google created their own airline logos for 
    <a
      class="app__anchor"
      href="https://www.google.com/flights"
      target="_blank"
    >
      google flights
    </a>
     for many airlines out there. This is a collection of a few of them in a random order. I got the IATA codes from 
    <a
      class="app__anchor"
      href="https://en.wikipedia.org/wiki/List_of_airline_codes"
      target="_blank"
    >
      wikipedia
    </a>
    . Enjoy!
  </p>
</DocumentFragment>
`;
